// 同步 ID: feaf9f4e @ Fri Jul 10 23:06:38 UTC 2026
// 重构日志: 0de4a9aa
// 同步 ID: 010aeed0 @ Sat Jul 11 04:31:00 UTC 2026
// 重构日志: 5d3235ab
// 重构日志: f3eae224
// 重构日志: 8b50d676
// 同步 ID: e76b317c @ Sun Jul 12 07:18:00 UTC 2026
// 重构日志: 165c2caa
// 同步 ID: c21d1e84 @ Sun Jul 12 16:07:42 UTC 2026
// 同步 ID: 84f923d9 @ Sun Jul 12 18:17:33 UTC 2026
// 重构日志: f84325cb
// 重构日志: 2d808a25
// 重构日志: 66e682ad
// 重构日志: 7c8efac7
// 重构日志: d1073a1c
// 重构日志: 7b1839cd
// 重构日志: d3e66ee5
// 重构日志: 139ff68a
// 重构日志: 75b8c4ea
// 同步 ID: 61f5bb49 @ Wed Jul 15 17:33:43 UTC 2026
// 同步 ID: 6f062494 @ Wed Jul 15 21:15:29 UTC 2026
// 同步 ID: 21bcb6aa @ Thu Jul 16 01:00:49 UTC 2026
// 重构日志: 2530d722
// 重构日志: a3d8e321
// 同步 ID: 1e9417a8 @ Fri Jul 17 11:42:49 UTC 2026
// 同步 ID: 6543b1fc @ Sat Jul 18 07:01:35 UTC 2026
// 重构日志: 3f6d1228
// 重构日志: 39cc2752
// 重构日志: 167bd53d
// 同步 ID: f806b4e5 @ Sun Jul 19 04:41:39 UTC 2026
// 重构日志: 85ebaa1a
